## base local
--builder default | --cache-from=type=local,src=<cache>/proveo/base | --cache-to=type=local,dest=<cache>/proveo/base,mode=max | --load | --platform linux/arm64 | -f <root>/defs/base/Dockerfile | -t proveo/base:local | ctx <root>
## base latest
--builder proveo-multiarch | --cache-from=type=local,src=<cache>/proveo/base | --cache-to=type=local,dest=<cache>/proveo/base,mode=max | --platform linux/amd64,linux/arm64 | --push | -f <root>/defs/base/Dockerfile | -t proveo/base:latest | ctx <root>
## base cold
--builder default | --cache-from=type=local,src=<cache>/proveo/base | --cache-to=type=local,dest=<cache>/proveo/base,mode=max | --load | --platform linux/arm64 | -f <root>/defs/base/Dockerfile | -t proveo/base:local | ctx <root>
## base-node local
--build-arg BASE_IMAGE=proveo/base:local | --builder default | --cache-from=type=local,src=<cache>/proveo/base-node | --cache-to=type=local,dest=<cache>/proveo/base-node,mode=max | --load | --platform linux/arm64 | -f <root>/defs/base-node/Dockerfile | -t proveo/base-node:local | ctx <root>/defs/base-node
## base-node latest
--build-arg BASE_IMAGE=proveo/base:latest | --builder proveo-multiarch | --cache-from=type=local,src=<cache>/proveo/base-node | --cache-to=type=local,dest=<cache>/proveo/base-node,mode=max | --platform linux/amd64,linux/arm64 | --push | -f <root>/defs/base-node/Dockerfile | -t proveo/base-node:latest | ctx <root>/defs/base-node
## base-node cold
--builder default | --cache-from=type=local,src=<cache>/proveo/base | --cache-to=type=local,dest=<cache>/proveo/base,mode=max | --load | --platform linux/arm64 | -f <root>/defs/base/Dockerfile | -t proveo/base:local | ctx <root>
--build-arg BASE_IMAGE=proveo/base:local | --builder default | --cache-from=type=local,src=<cache>/proveo/base-node | --cache-to=type=local,dest=<cache>/proveo/base-node,mode=max | --load | --platform linux/arm64 | -f <root>/defs/base-node/Dockerfile | -t proveo/base-node:local | ctx <root>/defs/base-node
## base-node-browser local
--build-arg BASE_IMAGE=proveo/base-node-lsp:local | --builder default | --cache-from=type=local,src=<cache>/proveo/base-node-browser | --cache-to=type=local,dest=<cache>/proveo/base-node-browser,mode=max | --load | --platform linux/arm64 | -f <root>/defs/base-node-browser/Dockerfile | -t proveo/base-node-browser:local | ctx <root>/defs/base-node-browser
## base-node-browser latest
--build-arg BASE_IMAGE=proveo/base-node-lsp:latest | --builder proveo-multiarch | --cache-from=type=local,src=<cache>/proveo/base-node-browser | --cache-to=type=local,dest=<cache>/proveo/base-node-browser,mode=max | --platform linux/amd64,linux/arm64 | --push | -f <root>/defs/base-node-browser/Dockerfile | -t proveo/base-node-browser:latest | ctx <root>/defs/base-node-browser
## base-node-browser cold
--builder default | --cache-from=type=local,src=<cache>/proveo/base | --cache-to=type=local,dest=<cache>/proveo/base,mode=max | --load | --platform linux/arm64 | -f <root>/defs/base/Dockerfile | -t proveo/base:local | ctx <root>
--build-arg BASE_IMAGE=proveo/base:local | --builder default | --cache-from=type=local,src=<cache>/proveo/base-node | --cache-to=type=local,dest=<cache>/proveo/base-node,mode=max | --load | --platform linux/arm64 | -f <root>/defs/base-node/Dockerfile | -t proveo/base-node:local | ctx <root>/defs/base-node
--build-arg BASE_IMAGE=proveo/base-node:local | --builder default | --cache-from=type=local,src=<cache>/proveo/base-node-lsp | --cache-to=type=local,dest=<cache>/proveo/base-node-lsp,mode=max | --load | --platform linux/arm64 | -f <root>/defs/base-node-lsp/Dockerfile | -t proveo/base-node-lsp:local | ctx <root>/defs/base-node-lsp
--build-arg BASE_IMAGE=proveo/base-node-lsp:local | --builder default | --cache-from=type=local,src=<cache>/proveo/base-node-browser | --cache-to=type=local,dest=<cache>/proveo/base-node-browser,mode=max | --load | --platform linux/arm64 | -f <root>/defs/base-node-browser/Dockerfile | -t proveo/base-node-browser:local | ctx <root>/defs/base-node-browser
## base-node-lsp local
--build-arg BASE_IMAGE=proveo/base-node:local | --builder default | --cache-from=type=local,src=<cache>/proveo/base-node-lsp | --cache-to=type=local,dest=<cache>/proveo/base-node-lsp,mode=max | --load | --platform linux/arm64 | -f <root>/defs/base-node-lsp/Dockerfile | -t proveo/base-node-lsp:local | ctx <root>/defs/base-node-lsp
## base-node-lsp latest
--build-arg BASE_IMAGE=proveo/base-node:latest | --builder proveo-multiarch | --cache-from=type=local,src=<cache>/proveo/base-node-lsp | --cache-to=type=local,dest=<cache>/proveo/base-node-lsp,mode=max | --platform linux/amd64,linux/arm64 | --push | -f <root>/defs/base-node-lsp/Dockerfile | -t proveo/base-node-lsp:latest | ctx <root>/defs/base-node-lsp
## base-node-lsp cold
--builder default | --cache-from=type=local,src=<cache>/proveo/base | --cache-to=type=local,dest=<cache>/proveo/base,mode=max | --load | --platform linux/arm64 | -f <root>/defs/base/Dockerfile | -t proveo/base:local | ctx <root>
--build-arg BASE_IMAGE=proveo/base:local | --builder default | --cache-from=type=local,src=<cache>/proveo/base-node | --cache-to=type=local,dest=<cache>/proveo/base-node,mode=max | --load | --platform linux/arm64 | -f <root>/defs/base-node/Dockerfile | -t proveo/base-node:local | ctx <root>/defs/base-node
--build-arg BASE_IMAGE=proveo/base-node:local | --builder default | --cache-from=type=local,src=<cache>/proveo/base-node-lsp | --cache-to=type=local,dest=<cache>/proveo/base-node-lsp,mode=max | --load | --platform linux/arm64 | -f <root>/defs/base-node-lsp/Dockerfile | -t proveo/base-node-lsp:local | ctx <root>/defs/base-node-lsp
## cecli local
--build-arg BASE_IMAGE=proveo/base:local | --build-arg CECLI_VERSION=9.9.3 | --build-arg SERENA_VERSION=9.9.4 | --builder default | --cache-from=type=local,src=<cache>/proveo/cecli | --cache-to=type=local,dest=<cache>/proveo/cecli,mode=max | --load | --platform linux/arm64 | -f <root>/defs/cecli/Dockerfile | -t proveo/cecli:local | ctx <root>
## cecli latest
--build-arg BASE_IMAGE=proveo/base:latest | --build-arg CECLI_VERSION=9.9.3 | --build-arg SERENA_VERSION=9.9.4 | --builder proveo-multiarch | --cache-from=type=local,src=<cache>/proveo/cecli | --cache-to=type=local,dest=<cache>/proveo/cecli,mode=max | --platform linux/amd64,linux/arm64 | --push | -f <root>/defs/cecli/Dockerfile | -t proveo/cecli:latest | ctx <root>
## cecli cold
--builder default | --cache-from=type=local,src=<cache>/proveo/base | --cache-to=type=local,dest=<cache>/proveo/base,mode=max | --load | --platform linux/arm64 | -f <root>/defs/base/Dockerfile | -t proveo/base:local | ctx <root>
--build-arg BASE_IMAGE=proveo/base:local | --build-arg CECLI_VERSION=9.9.3 | --build-arg SERENA_VERSION=9.9.4 | --builder default | --cache-from=type=local,src=<cache>/proveo/cecli | --cache-to=type=local,dest=<cache>/proveo/cecli,mode=max | --load | --platform linux/arm64 | -f <root>/defs/cecli/Dockerfile | -t proveo/cecli:local | ctx <root>
## claudecode local
--build-arg BASE_IMAGE=proveo/base-node-lsp:local | --build-arg CLAUDE_CODE_VERSION=9.9.1 | --builder default | --cache-from=type=local,src=<cache>/proveo/claudecode | --cache-to=type=local,dest=<cache>/proveo/claudecode,mode=max | --load | --platform linux/arm64 | -f <root>/defs/claudecode/mcp/Dockerfile | -t proveo/claudecode:local | ctx <root>
## claudecode latest
--build-arg BASE_IMAGE=proveo/base-node-lsp:latest | --build-arg CLAUDE_CODE_VERSION=9.9.1 | --builder proveo-multiarch | --cache-from=type=local,src=<cache>/proveo/claudecode | --cache-to=type=local,dest=<cache>/proveo/claudecode,mode=max | --platform linux/amd64,linux/arm64 | --push | -f <root>/defs/claudecode/mcp/Dockerfile | -t proveo/claudecode:latest | ctx <root>
## claudecode cold
--builder default | --cache-from=type=local,src=<cache>/proveo/base | --cache-to=type=local,dest=<cache>/proveo/base,mode=max | --load | --platform linux/arm64 | -f <root>/defs/base/Dockerfile | -t proveo/base:local | ctx <root>
--build-arg BASE_IMAGE=proveo/base:local | --builder default | --cache-from=type=local,src=<cache>/proveo/base-node | --cache-to=type=local,dest=<cache>/proveo/base-node,mode=max | --load | --platform linux/arm64 | -f <root>/defs/base-node/Dockerfile | -t proveo/base-node:local | ctx <root>/defs/base-node
--build-arg BASE_IMAGE=proveo/base-node:local | --builder default | --cache-from=type=local,src=<cache>/proveo/base-node-lsp | --cache-to=type=local,dest=<cache>/proveo/base-node-lsp,mode=max | --load | --platform linux/arm64 | -f <root>/defs/base-node-lsp/Dockerfile | -t proveo/base-node-lsp:local | ctx <root>/defs/base-node-lsp
--build-arg BASE_IMAGE=proveo/base-node-lsp:local | --build-arg CLAUDE_CODE_VERSION=9.9.1 | --builder default | --cache-from=type=local,src=<cache>/proveo/claudecode | --cache-to=type=local,dest=<cache>/proveo/claudecode,mode=max | --load | --platform linux/arm64 | -f <root>/defs/claudecode/mcp/Dockerfile | -t proveo/claudecode:local | ctx <root>
## claudecode-browser local
--build-arg BASE_IMAGE=proveo/claudecode:local | --build-arg USER_NAME=claude | --builder default | --cache-from=type=local,src=<cache>/proveo/claudecode-browser | --cache-to=type=local,dest=<cache>/proveo/claudecode-browser,mode=max | --load | --platform linux/arm64 | -f <root>/defs/base-node-browser/Dockerfile | -t proveo/claudecode-browser:local | ctx <root>/defs/base-node-browser
## claudecode-browser latest
--build-arg BASE_IMAGE=proveo/claudecode:latest | --build-arg USER_NAME=claude | --builder proveo-multiarch | --cache-from=type=local,src=<cache>/proveo/claudecode-browser | --cache-to=type=local,dest=<cache>/proveo/claudecode-browser,mode=max | --platform linux/amd64,linux/arm64 | --push | -f <root>/defs/base-node-browser/Dockerfile | -t proveo/claudecode-browser:latest | ctx <root>/defs/base-node-browser
## claudecode-browser cold
--builder default | --cache-from=type=local,src=<cache>/proveo/base | --cache-to=type=local,dest=<cache>/proveo/base,mode=max | --load | --platform linux/arm64 | -f <root>/defs/base/Dockerfile | -t proveo/base:local | ctx <root>
--build-arg BASE_IMAGE=proveo/base:local | --builder default | --cache-from=type=local,src=<cache>/proveo/base-node | --cache-to=type=local,dest=<cache>/proveo/base-node,mode=max | --load | --platform linux/arm64 | -f <root>/defs/base-node/Dockerfile | -t proveo/base-node:local | ctx <root>/defs/base-node
--build-arg BASE_IMAGE=proveo/base-node:local | --builder default | --cache-from=type=local,src=<cache>/proveo/base-node-lsp | --cache-to=type=local,dest=<cache>/proveo/base-node-lsp,mode=max | --load | --platform linux/arm64 | -f <root>/defs/base-node-lsp/Dockerfile | -t proveo/base-node-lsp:local | ctx <root>/defs/base-node-lsp
--build-arg BASE_IMAGE=proveo/base-node-lsp:local | --build-arg CLAUDE_CODE_VERSION=9.9.1 | --builder default | --cache-from=type=local,src=<cache>/proveo/claudecode | --cache-to=type=local,dest=<cache>/proveo/claudecode,mode=max | --load | --platform linux/arm64 | -f <root>/defs/claudecode/mcp/Dockerfile | -t proveo/claudecode:local | ctx <root>
--build-arg BASE_IMAGE=proveo/claudecode:local | --build-arg USER_NAME=claude | --builder default | --cache-from=type=local,src=<cache>/proveo/claudecode-browser | --cache-to=type=local,dest=<cache>/proveo/claudecode-browser,mode=max | --load | --platform linux/arm64 | -f <root>/defs/base-node-browser/Dockerfile | -t proveo/claudecode-browser:local | ctx <root>/defs/base-node-browser
## claudecode-solidity local
--build-arg BASE_IMAGE=proveo/claudecode:local | --builder default | --cache-from=type=local,src=<cache>/proveo/claudecode-solidity | --cache-to=type=local,dest=<cache>/proveo/claudecode-solidity,mode=max | --load | --platform linux/arm64 | -f <root>/defs/claudecode/solidity/Dockerfile | -t proveo/claudecode-solidity:local | ctx <root>
## claudecode-solidity latest
--build-arg BASE_IMAGE=proveo/claudecode:latest | --builder proveo-multiarch | --cache-from=type=local,src=<cache>/proveo/claudecode-solidity | --cache-to=type=local,dest=<cache>/proveo/claudecode-solidity,mode=max | --platform linux/amd64,linux/arm64 | --push | -f <root>/defs/claudecode/solidity/Dockerfile | -t proveo/claudecode-solidity:latest | ctx <root>
## claudecode-solidity cold
--builder default | --cache-from=type=local,src=<cache>/proveo/base | --cache-to=type=local,dest=<cache>/proveo/base,mode=max | --load | --platform linux/arm64 | -f <root>/defs/base/Dockerfile | -t proveo/base:local | ctx <root>
--build-arg BASE_IMAGE=proveo/base:local | --builder default | --cache-from=type=local,src=<cache>/proveo/base-node | --cache-to=type=local,dest=<cache>/proveo/base-node,mode=max | --load | --platform linux/arm64 | -f <root>/defs/base-node/Dockerfile | -t proveo/base-node:local | ctx <root>/defs/base-node
--build-arg BASE_IMAGE=proveo/base-node:local | --builder default | --cache-from=type=local,src=<cache>/proveo/base-node-lsp | --cache-to=type=local,dest=<cache>/proveo/base-node-lsp,mode=max | --load | --platform linux/arm64 | -f <root>/defs/base-node-lsp/Dockerfile | -t proveo/base-node-lsp:local | ctx <root>/defs/base-node-lsp
--build-arg BASE_IMAGE=proveo/base-node-lsp:local | --build-arg CLAUDE_CODE_VERSION=9.9.1 | --builder default | --cache-from=type=local,src=<cache>/proveo/claudecode | --cache-to=type=local,dest=<cache>/proveo/claudecode,mode=max | --load | --platform linux/arm64 | -f <root>/defs/claudecode/mcp/Dockerfile | -t proveo/claudecode:local | ctx <root>
--build-arg BASE_IMAGE=proveo/claudecode:local | --builder default | --cache-from=type=local,src=<cache>/proveo/claudecode-solidity | --cache-to=type=local,dest=<cache>/proveo/claudecode-solidity,mode=max | --load | --platform linux/arm64 | -f <root>/defs/claudecode/solidity/Dockerfile | -t proveo/claudecode-solidity:local | ctx <root>
## codex local
--build-arg BASE_IMAGE=proveo/base-node-lsp:local | --build-arg CODEX_VERSION=latest | --builder default | --cache-from=type=local,src=<cache>/proveo/codex | --cache-to=type=local,dest=<cache>/proveo/codex,mode=max | --load | --platform linux/arm64 | -f <root>/defs/codex/Dockerfile | -t proveo/codex:local | ctx <root>
## codex latest
--build-arg BASE_IMAGE=proveo/base-node-lsp:latest | --build-arg CODEX_VERSION=latest | --builder proveo-multiarch | --cache-from=type=local,src=<cache>/proveo/codex | --cache-to=type=local,dest=<cache>/proveo/codex,mode=max | --platform linux/amd64,linux/arm64 | --push | -f <root>/defs/codex/Dockerfile | -t proveo/codex:latest | ctx <root>
## codex cold
--builder default | --cache-from=type=local,src=<cache>/proveo/base | --cache-to=type=local,dest=<cache>/proveo/base,mode=max | --load | --platform linux/arm64 | -f <root>/defs/base/Dockerfile | -t proveo/base:local | ctx <root>
--build-arg BASE_IMAGE=proveo/base:local | --builder default | --cache-from=type=local,src=<cache>/proveo/base-node | --cache-to=type=local,dest=<cache>/proveo/base-node,mode=max | --load | --platform linux/arm64 | -f <root>/defs/base-node/Dockerfile | -t proveo/base-node:local | ctx <root>/defs/base-node
--build-arg BASE_IMAGE=proveo/base-node:local | --builder default | --cache-from=type=local,src=<cache>/proveo/base-node-lsp | --cache-to=type=local,dest=<cache>/proveo/base-node-lsp,mode=max | --load | --platform linux/arm64 | -f <root>/defs/base-node-lsp/Dockerfile | -t proveo/base-node-lsp:local | ctx <root>/defs/base-node-lsp
--build-arg BASE_IMAGE=proveo/base-node-lsp:local | --build-arg CODEX_VERSION=latest | --builder default | --cache-from=type=local,src=<cache>/proveo/codex | --cache-to=type=local,dest=<cache>/proveo/codex,mode=max | --load | --platform linux/arm64 | -f <root>/defs/codex/Dockerfile | -t proveo/codex:local | ctx <root>
## codex-browser local
--build-arg BASE_IMAGE=proveo/codex:local | --build-arg USER_NAME=codex | --builder default | --cache-from=type=local,src=<cache>/proveo/codex-browser | --cache-to=type=local,dest=<cache>/proveo/codex-browser,mode=max | --load | --platform linux/arm64 | -f <root>/defs/base-node-browser/Dockerfile | -t proveo/codex-browser:local | ctx <root>/defs/base-node-browser
## codex-browser latest
--build-arg BASE_IMAGE=proveo/codex:latest | --build-arg USER_NAME=codex | --builder proveo-multiarch | --cache-from=type=local,src=<cache>/proveo/codex-browser | --cache-to=type=local,dest=<cache>/proveo/codex-browser,mode=max | --platform linux/amd64,linux/arm64 | --push | -f <root>/defs/base-node-browser/Dockerfile | -t proveo/codex-browser:latest | ctx <root>/defs/base-node-browser
## codex-browser cold
--builder default | --cache-from=type=local,src=<cache>/proveo/base | --cache-to=type=local,dest=<cache>/proveo/base,mode=max | --load | --platform linux/arm64 | -f <root>/defs/base/Dockerfile | -t proveo/base:local | ctx <root>
--build-arg BASE_IMAGE=proveo/base:local | --builder default | --cache-from=type=local,src=<cache>/proveo/base-node | --cache-to=type=local,dest=<cache>/proveo/base-node,mode=max | --load | --platform linux/arm64 | -f <root>/defs/base-node/Dockerfile | -t proveo/base-node:local | ctx <root>/defs/base-node
--build-arg BASE_IMAGE=proveo/base-node:local | --builder default | --cache-from=type=local,src=<cache>/proveo/base-node-lsp | --cache-to=type=local,dest=<cache>/proveo/base-node-lsp,mode=max | --load | --platform linux/arm64 | -f <root>/defs/base-node-lsp/Dockerfile | -t proveo/base-node-lsp:local | ctx <root>/defs/base-node-lsp
--build-arg BASE_IMAGE=proveo/base-node-lsp:local | --build-arg CODEX_VERSION=latest | --builder default | --cache-from=type=local,src=<cache>/proveo/codex | --cache-to=type=local,dest=<cache>/proveo/codex,mode=max | --load | --platform linux/arm64 | -f <root>/defs/codex/Dockerfile | -t proveo/codex:local | ctx <root>
--build-arg BASE_IMAGE=proveo/codex:local | --build-arg USER_NAME=codex | --builder default | --cache-from=type=local,src=<cache>/proveo/codex-browser | --cache-to=type=local,dest=<cache>/proveo/codex-browser,mode=max | --load | --platform linux/arm64 | -f <root>/defs/base-node-browser/Dockerfile | -t proveo/codex-browser:local | ctx <root>/defs/base-node-browser
## cursor local
--build-arg BASE_IMAGE=proveo/base:local | --build-arg CURSOR_AGENT_VERSION=9.9.5 | --build-arg CURSOR_INSTALL_URL=https://cursor.com/install | --builder default | --cache-from=type=local,src=<cache>/proveo/cursor | --cache-to=type=local,dest=<cache>/proveo/cursor,mode=max | --load | --platform linux/arm64 | -f <root>/defs/cursor/Dockerfile | -t proveo/cursor:local | ctx <root>
## cursor latest
--build-arg BASE_IMAGE=proveo/base:latest | --build-arg CURSOR_AGENT_VERSION=9.9.5 | --build-arg CURSOR_INSTALL_URL=https://cursor.com/install | --builder proveo-multiarch | --cache-from=type=local,src=<cache>/proveo/cursor | --cache-to=type=local,dest=<cache>/proveo/cursor,mode=max | --platform linux/amd64,linux/arm64 | --push | -f <root>/defs/cursor/Dockerfile | -t proveo/cursor:latest | ctx <root>
## cursor cold
--builder default | --cache-from=type=local,src=<cache>/proveo/base | --cache-to=type=local,dest=<cache>/proveo/base,mode=max | --load | --platform linux/arm64 | -f <root>/defs/base/Dockerfile | -t proveo/base:local | ctx <root>
--build-arg BASE_IMAGE=proveo/base:local | --build-arg CURSOR_AGENT_VERSION=9.9.5 | --build-arg CURSOR_INSTALL_URL=https://cursor.com/install | --builder default | --cache-from=type=local,src=<cache>/proveo/cursor | --cache-to=type=local,dest=<cache>/proveo/cursor,mode=max | --load | --platform linux/arm64 | -f <root>/defs/cursor/Dockerfile | -t proveo/cursor:local | ctx <root>
## cursor-browser local
--build-arg BASE_IMAGE=proveo/cursor:local | --build-arg USER_NAME=cursor | --builder default | --cache-from=type=local,src=<cache>/proveo/cursor-browser | --cache-to=type=local,dest=<cache>/proveo/cursor-browser,mode=max | --load | --platform linux/arm64 | -f <root>/defs/base-node-browser/Dockerfile | -t proveo/cursor-browser:local | ctx <root>/defs/base-node-browser
## cursor-browser latest
--build-arg BASE_IMAGE=proveo/cursor:latest | --build-arg USER_NAME=cursor | --builder proveo-multiarch | --cache-from=type=local,src=<cache>/proveo/cursor-browser | --cache-to=type=local,dest=<cache>/proveo/cursor-browser,mode=max | --platform linux/amd64,linux/arm64 | --push | -f <root>/defs/base-node-browser/Dockerfile | -t proveo/cursor-browser:latest | ctx <root>/defs/base-node-browser
## cursor-browser cold
--builder default | --cache-from=type=local,src=<cache>/proveo/base | --cache-to=type=local,dest=<cache>/proveo/base,mode=max | --load | --platform linux/arm64 | -f <root>/defs/base/Dockerfile | -t proveo/base:local | ctx <root>
--build-arg BASE_IMAGE=proveo/base:local | --build-arg CURSOR_AGENT_VERSION=9.9.5 | --build-arg CURSOR_INSTALL_URL=https://cursor.com/install | --builder default | --cache-from=type=local,src=<cache>/proveo/cursor | --cache-to=type=local,dest=<cache>/proveo/cursor,mode=max | --load | --platform linux/arm64 | -f <root>/defs/cursor/Dockerfile | -t proveo/cursor:local | ctx <root>
--build-arg BASE_IMAGE=proveo/cursor:local | --build-arg USER_NAME=cursor | --builder default | --cache-from=type=local,src=<cache>/proveo/cursor-browser | --cache-to=type=local,dest=<cache>/proveo/cursor-browser,mode=max | --load | --platform linux/arm64 | -f <root>/defs/base-node-browser/Dockerfile | -t proveo/cursor-browser:local | ctx <root>/defs/base-node-browser
## egress-proxy local
--builder default | --cache-from=type=local,src=<cache>/proveo/egress-proxy | --cache-to=type=local,dest=<cache>/proveo/egress-proxy,mode=max | --load | --platform linux/arm64 | -f <root>/defs/sidecars/egress-proxy/Dockerfile | -t proveo/egress-proxy:local | ctx <root>
## egress-proxy latest
--builder proveo-multiarch | --cache-from=type=local,src=<cache>/proveo/egress-proxy | --cache-to=type=local,dest=<cache>/proveo/egress-proxy,mode=max | --platform linux/amd64,linux/arm64 | --push | -f <root>/defs/sidecars/egress-proxy/Dockerfile | -t proveo/egress-proxy:latest | ctx <root>
## egress-proxy cold
--builder default | --cache-from=type=local,src=<cache>/proveo/egress-proxy | --cache-to=type=local,dest=<cache>/proveo/egress-proxy,mode=max | --load | --platform linux/arm64 | -f <root>/defs/sidecars/egress-proxy/Dockerfile | -t proveo/egress-proxy:local | ctx <root>
## mitmproxy local
--builder default | --cache-from=type=local,src=<cache>/proveo/mitmproxy | --cache-to=type=local,dest=<cache>/proveo/mitmproxy,mode=max | --load | --platform linux/arm64 | -t proveo/mitmproxy:local | ctx <root>/defs/sidecars/mitmproxy
## mitmproxy latest
--builder proveo-multiarch | --cache-from=type=local,src=<cache>/proveo/mitmproxy | --cache-to=type=local,dest=<cache>/proveo/mitmproxy,mode=max | --platform linux/amd64,linux/arm64 | --push | -t proveo/mitmproxy:latest | ctx <root>/defs/sidecars/mitmproxy
## mitmproxy cold
--builder default | --cache-from=type=local,src=<cache>/proveo/mitmproxy | --cache-to=type=local,dest=<cache>/proveo/mitmproxy,mode=max | --load | --platform linux/arm64 | -t proveo/mitmproxy:local | ctx <root>/defs/sidecars/mitmproxy
## opencode local
--build-arg BASE_IMAGE=proveo/base-node-lsp:local | --build-arg OPENCODE_VERSION=9.9.2 | --builder default | --cache-from=type=local,src=<cache>/proveo/opencode | --cache-to=type=local,dest=<cache>/proveo/opencode,mode=max | --load | --platform linux/arm64 | -f <root>/defs/opencode/Dockerfile | -t proveo/opencode:local | ctx <root>
## opencode latest
--build-arg BASE_IMAGE=proveo/base-node-lsp:latest | --build-arg OPENCODE_VERSION=9.9.2 | --builder proveo-multiarch | --cache-from=type=local,src=<cache>/proveo/opencode | --cache-to=type=local,dest=<cache>/proveo/opencode,mode=max | --platform linux/amd64,linux/arm64 | --push | -f <root>/defs/opencode/Dockerfile | -t proveo/opencode:latest | ctx <root>
## opencode cold
--builder default | --cache-from=type=local,src=<cache>/proveo/base | --cache-to=type=local,dest=<cache>/proveo/base,mode=max | --load | --platform linux/arm64 | -f <root>/defs/base/Dockerfile | -t proveo/base:local | ctx <root>
--build-arg BASE_IMAGE=proveo/base:local | --builder default | --cache-from=type=local,src=<cache>/proveo/base-node | --cache-to=type=local,dest=<cache>/proveo/base-node,mode=max | --load | --platform linux/arm64 | -f <root>/defs/base-node/Dockerfile | -t proveo/base-node:local | ctx <root>/defs/base-node
--build-arg BASE_IMAGE=proveo/base-node:local | --builder default | --cache-from=type=local,src=<cache>/proveo/base-node-lsp | --cache-to=type=local,dest=<cache>/proveo/base-node-lsp,mode=max | --load | --platform linux/arm64 | -f <root>/defs/base-node-lsp/Dockerfile | -t proveo/base-node-lsp:local | ctx <root>/defs/base-node-lsp
--build-arg BASE_IMAGE=proveo/base-node-lsp:local | --build-arg OPENCODE_VERSION=9.9.2 | --builder default | --cache-from=type=local,src=<cache>/proveo/opencode | --cache-to=type=local,dest=<cache>/proveo/opencode,mode=max | --load | --platform linux/arm64 | -f <root>/defs/opencode/Dockerfile | -t proveo/opencode:local | ctx <root>
## opencode-browser local
--build-arg BASE_IMAGE=proveo/opencode:local | --build-arg USER_NAME=opencode | --builder default | --cache-from=type=local,src=<cache>/proveo/opencode-browser | --cache-to=type=local,dest=<cache>/proveo/opencode-browser,mode=max | --load | --platform linux/arm64 | -f <root>/defs/base-node-browser/Dockerfile | -t proveo/opencode-browser:local | ctx <root>/defs/base-node-browser
## opencode-browser latest
--build-arg BASE_IMAGE=proveo/opencode:latest | --build-arg USER_NAME=opencode | --builder proveo-multiarch | --cache-from=type=local,src=<cache>/proveo/opencode-browser | --cache-to=type=local,dest=<cache>/proveo/opencode-browser,mode=max | --platform linux/amd64,linux/arm64 | --push | -f <root>/defs/base-node-browser/Dockerfile | -t proveo/opencode-browser:latest | ctx <root>/defs/base-node-browser
## opencode-browser cold
--builder default | --cache-from=type=local,src=<cache>/proveo/base | --cache-to=type=local,dest=<cache>/proveo/base,mode=max | --load | --platform linux/arm64 | -f <root>/defs/base/Dockerfile | -t proveo/base:local | ctx <root>
--build-arg BASE_IMAGE=proveo/base:local | --builder default | --cache-from=type=local,src=<cache>/proveo/base-node | --cache-to=type=local,dest=<cache>/proveo/base-node,mode=max | --load | --platform linux/arm64 | -f <root>/defs/base-node/Dockerfile | -t proveo/base-node:local | ctx <root>/defs/base-node
--build-arg BASE_IMAGE=proveo/base-node:local | --builder default | --cache-from=type=local,src=<cache>/proveo/base-node-lsp | --cache-to=type=local,dest=<cache>/proveo/base-node-lsp,mode=max | --load | --platform linux/arm64 | -f <root>/defs/base-node-lsp/Dockerfile | -t proveo/base-node-lsp:local | ctx <root>/defs/base-node-lsp
--build-arg BASE_IMAGE=proveo/base-node-lsp:local | --build-arg OPENCODE_VERSION=9.9.2 | --builder default | --cache-from=type=local,src=<cache>/proveo/opencode | --cache-to=type=local,dest=<cache>/proveo/opencode,mode=max | --load | --platform linux/arm64 | -f <root>/defs/opencode/Dockerfile | -t proveo/opencode:local | ctx <root>
--build-arg BASE_IMAGE=proveo/opencode:local | --build-arg USER_NAME=opencode | --builder default | --cache-from=type=local,src=<cache>/proveo/opencode-browser | --cache-to=type=local,dest=<cache>/proveo/opencode-browser,mode=max | --load | --platform linux/arm64 | -f <root>/defs/base-node-browser/Dockerfile | -t proveo/opencode-browser:local | ctx <root>/defs/base-node-browser
